\BOOKMARK [1][-]{section.1}{\376\377\000M\036\345\000c\000\040\000t\000i\000\352\000u\000\040\000h\036\307\000\040\000t\000h\036\321\000n\000g}{}% 1
\BOOKMARK [1][-]{section.2}{\376\377\000T\036\241\000i\000\040\000s\000a\000o\000\040\000k\000h\000\364\000n\000g\000\040\000c\000h\036\311\000\040\000d\000\371\000n\000g\000\040\000C\000N\000N\000?}{}% 2
\BOOKMARK [1][-]{section.3}{\376\377\000K\000i\036\277\000n\000\040\000t\000h\036\351\000c\000\040\000n\036\301\000n\000\040\000t\036\243\000n\000g}{}% 3
\BOOKMARK [2][-]{subsection.3.1}{\376\377\000C\000N\000N}{section.3}% 4
\BOOKMARK [2][-]{subsection.3.2}{\376\377\000E\000m\000b\000e\000d\000d\000i\000n\000g}{section.3}% 5
\BOOKMARK [2][-]{subsection.3.3}{\376\377\000S\000e\000n\000t\000e\000n\000c\000e\000\040\000T\000r\000a\000n\000s\000f\000o\000r\000m\000e\000r}{section.3}% 6
\BOOKMARK [1][-]{section.4}{\376\377\000V\000e\000c\000t\000o\000r\000\040\000D\000a\000t\000a\000b\000a\000s\000e\000\040\000v\000\340\000\040\000F\000A\000I\000S\000S}{}% 7
\BOOKMARK [2][-]{subsection.4.1}{\376\377\000V\036\245\000n\000\040\001\021\036\301}{section.4}% 8
\BOOKMARK [2][-]{subsection.4.2}{\376\377\000F\000A\000I\000S\000S}{section.4}% 9
\BOOKMARK [1][-]{section.5}{\376\377\000K\000n\000o\000w\000l\000e\000d\000g\000e\000\040\000G\000r\000a\000p\000h}{}% 10
\BOOKMARK [2][-]{subsection.5.1}{\376\377\000K\000n\000o\000w\000l\000e\000d\000g\000e\000\040\000G\000r\000a\000p\000h\000\040\000l\000\340\000\040\000g\000\354\000?}{section.5}% 11
\BOOKMARK [2][-]{subsection.5.2}{\376\377\000C\000\341\000c\000\040\000l\000o\036\241\000i\000\040\000n\000o\000d\000e}{section.5}% 12
\BOOKMARK [2][-]{subsection.5.3}{\376\377\000C\000\341\000c\000\040\000l\000o\036\241\000i\000\040\000q\000u\000a\000n\000\040\000h\036\307}{section.5}% 13
\BOOKMARK [1][-]{section.6}{\376\377\000S\000e\000m\000a\000n\000t\000i\000c\000\040\000F\000e\000a\000t\000u\000r\000e\000\040\000R\000e\000t\000r\000i\000e\000v\000a\000l}{}% 14
\BOOKMARK [2][-]{subsection.6.1}{\376\377\000S\000e\000m\000a\000n\000t\000i\000c\000\040\000R\000e\000t\000r\000i\000e\000v\000a\000l\000\040\000l\000\340\000\040\000g\000\354\000?}{section.6}% 15
\BOOKMARK [2][-]{subsection.6.2}{\376\377\000T\036\241\000i\000\040\000s\000a\000o\000\040\000c\036\247\000n\000?}{section.6}% 16
\BOOKMARK [2][-]{subsection.6.3}{\376\377\000P\000i\000p\000e\000l\000i\000n\000e}{section.6}% 17
\BOOKMARK [1][-]{section.7}{\376\377\000D\000i\000s\000e\000a\000s\000e\000\040\000K\000n\000o\000w\000l\000e\000d\000g\000e\000\040\000R\000e\000t\000r\000i\000e\000v\000a\000l}{}% 18
\BOOKMARK [1][-]{section.8}{\376\377\000G\000r\000a\000p\000h\000\040\000R\000e\000a\000s\000o\000n\000i\000n\000g}{}% 19
\BOOKMARK [1][-]{section.9}{\376\377\000F\000u\000s\000i\000o\000n\000\040\000L\000a\000y\000e\000r}{}% 20
\BOOKMARK [2][-]{subsection.9.1}{\376\377\000C\000N\000N}{section.9}% 21
\BOOKMARK [2][-]{subsection.9.2}{\376\377\000G\000r\000a\000p\000h}{section.9}% 22
\BOOKMARK [2][-]{subsection.9.3}{\376\377\000R\000A\000G\000\040\000R\000e\000t\000r\000i\000e\000v\000a\000l}{section.9}% 23
\BOOKMARK [2][-]{subsection.9.4}{\376\377\001\020\000i\036\303\000m\000\040\000c\000u\036\321\000i}{section.9}% 24
\BOOKMARK [1][-]{section.10}{\376\377\000E\000x\000p\000l\000a\000n\000a\000t\000i\000o\000n\000\040\000E\000n\000g\000i\000n\000e}{}% 25
\BOOKMARK [1][-]{section.11}{\376\377\000L\036\331\000\040\000t\000r\000\354\000n\000h\000\040\000m\036\337\000\040\000r\036\331\000n\000g}{}% 26
\BOOKMARK [2][-]{subsection.11.1}{\376\377\000G\000i\000a\000i\000\040\001\021\000o\036\241\000n\000\040\0001}{section.11}% 27
\BOOKMARK [2][-]{subsection.11.2}{\376\377\000G\000i\000a\000i\000\040\001\021\000o\036\241\000n\000\040\0002}{section.11}% 28
\BOOKMARK [2][-]{subsection.11.3}{\376\377\000G\000i\000a\000i\000\040\001\021\000o\036\241\000n\000\040\0003}{section.11}% 29
\BOOKMARK [1][-]{section.12}{\376\377\000N\000o\000d\000e\000\040\000E\000m\000b\000e\000d\000d\000i\000n\000g\000s}{}% 30
\BOOKMARK [1][-]{section.13}{\376\377\000P\000i\000p\000e\000l\000i\000n\000e\000\040\000h\000o\000\340\000n\000\040\000c\000h\036\311\000n\000h}{}% 31
\BOOKMARK [1][-]{section.14}{\376\377\000K\000i\036\277\000n\000\040\000t\000r\000\372\000c\000\040\001\021\000\355\000c\000h}{}% 32
